// Jest Snapshot v1, https://goo.gl/fbAQLP

exports[`Card should render correctly 1`] = `
<div>
  <div
    class="cardContainer"
    role="dialog"
  >
    <img
      alt="bandera del pais"
      class="image"
      src="flag.png"
    />
    <h3
      class="name"
    >
      Argentina
    </h3>
    <h4
      class="continent"
    >
      America
    </h4>
  </div>
</div>
`;
